
Memory Configuration

Name             Origin             Length             Attributes
RAMRW            0x0011d300         0x00000d00         xrw
*default*        0x00000000         0xffffffff

Linker script and memory map


.text           0x0011d300       0x90
 build/crt0.o(.init)
 .init          0x0011d300       0x10 build/crt0.o
                0x0011d300                _start
 *(.text)
 .text          0x0011d310        0x0 build/crt0.o
 .text          0x0011d310       0x1c build/main.o
                0x0011d310                _main
 *fill*         0x0011d32c        0x4 
 .text          0x0011d330       0x60 build/svc.o
                0x0011d330                svc_controlProcessMemory
                0x0011d348                svc_mapProcessMemory
                0x0011d350                svc_unmapProcessMemory
                0x0011d358                svc_replyAndReceive
                0x0011d370                svc_acceptSession
 *(.rodata)

.data           0x0011d390        0x0
 .data          0x0011d390        0x0 build/crt0.o
 .data          0x0011d390        0x0 build/main.o
 .data          0x0011d390        0x0 build/svc.o

.igot.plt       0x0011d390        0x0
 .igot.plt      0x00000000        0x0 build/crt0.o

.glue_7         0x0011d390        0x0
 .glue_7        0x00000000        0x0 linker stubs

.glue_7t        0x0011d390        0x0
 .glue_7t       0x00000000        0x0 linker stubs

.vfp11_veneer   0x0011d390        0x0
 .vfp11_veneer  0x00000000        0x0 linker stubs

.v4_bx          0x0011d390        0x0
 .v4_bx         0x00000000        0x0 linker stubs

.iplt           0x0011d390        0x0
 .iplt          0x00000000        0x0 build/crt0.o

.rel.dyn        0x0011d390        0x0
 .rel.iplt      0x00000000        0x0 build/crt0.o

.bss            0x0011d390        0x0
 .bss           0x0011d390        0x0 build/crt0.o
 .bss           0x0011d390        0x0 build/main.o
 .bss           0x0011d390        0x0 build/svc.o

data
 *(data)
LOAD build/main.o
LOAD build/svc.o
LOAD C:\devkitPro\ctrulib-old\libctru/lib\libctru.a
LOAD c:/devkitPro/devkitARM/arm-none-eabi/lib\libm.a
LOAD c:/devkitPro/devkitARM/arm-none-eabi/lib\libc.a
LOAD c:/devkitPro/devkitARM/arm-none-eabi/lib\libg.a
OUTPUT(sns_code.elf elf32-littlearm)

.ARM.attributes
                0x00000000       0x27
 .ARM.attributes
                0x00000000       0x19 build/crt0.o
 .ARM.attributes
                0x00000019       0x2b build/main.o
 .ARM.attributes
                0x00000044       0x19 build/svc.o

.comment        0x00000000       0x22
 .comment       0x00000000       0x22 build/main.o
                                 0x23 (size before relaxing)
